***********************************
You have loaded a Mambaforge module
***********************************
---------------------------------------------------------------------------------------------------
NOTE: NSC strongly advices against placing 'mamba activate' (or 'conda
activate', with or without
      arguments) or conda initialize commands in your shell initialization
files, (e.g. '.bashrc' or '.bash_profile') since
      this severely alters the environment for running software in ways that
cause unpredictable
      issues that can be difficult to diagnose.
---------------------------------------------------------------------------------------------------

mkdir: cannot create directory ‘../data’: Permission denied
Traceback (most recent call last):
  File "<string>", line 1, in <module>
FileNotFoundError: [Errno 2] No such file or directory: '../configs/personas.json'
/var/lib/slurm/slurmd/job17653999/slurm_script: line 41: total_prompts / num_personas : division by 0 (error token is "num_personas ")
[run_magpie] Model: google/gemma-3-27b-it
[run_magpie] Total prompts: 50000
[run_magpie] Language: Swedish
[run_magpie] Persona: all
[run_magpie] n per round: 
[run_magpie] Job name: gemma-3-27b-it_Swedish_1790595097
[run_magpie] Generating instructions...
python: can't open file '/var/lib/slurm/slurmd/job17653999/../exp/gen_ins.py': [Errno 2] No such file or directory
[run_magpie] Generating responses...
python: can't open file '/var/lib/slurm/slurmd/job17653999/../exp/gen_res.py': [Errno 2] No such file or directory
[run_magpie] Done. Output: ../data/gemma-3-27b-it_Swedish_1790595097/Magpie_gemma-3-27b-it_50000_1790595097_ins_res.json
